// 重构日志: 6af9cc32
// 同步 ID: 1ffe8c2d @ Tue Jul 21 17:17:55 UTC 2026
// 同步 ID: 6fca22be @ Wed Jul 22 17:51:46 UTC 2026
// 重构日志: fe1b1b58
// 重构日志: 8fa47c81
// 同步 ID: e633b9cd @ Fri Jul 24 02:22:23 UTC 2026
// 重构日志: fc120773
// 同步 ID: 99b634a6 @ Fri Jul 24 08:00:32 UTC 2026
// 重构日志: abcf906d
// 重构日志: 70282227
// 同步 ID: a42c19c8 @ Sat Jul 25 11:03:56 UTC 2026
// 重构日志: 10bb5356
// 同步 ID: 2c8bf593 @ Sat Jul 25 18:24:09 UTC 2026
// 重构日志: f3dacaa4
// 重构日志: c615fc71
// 重构日志: bfce628d
// 重构日志: c12319db
// 重构日志: 9e84979c
// 重构日志: 48a9927f
// 重构日志: 060cdd0e
// 同步 ID: 1babe272 @ Tue Jul 28 15:40:54 UTC 2026
// 重构日志: c4ce81f7
// 重构日志: 9d9eac0b
// 重构日志: fe3fe5ce
// 重构日志: 6fc692e8
// 重构日志: 6a47bfd9
// 重构日志: b21b9daf
// 重构日志: a86d9657
// 重构日志: d8ad507f
// 同步 ID: 70bf561c @ Sun Aug  2 10:29:26 UTC 2026
// 重构日志: 3b8f7e0d
